---
source: crates/engine/src/parser/oracle_ir/snapshot_tests.rs
expression: "&diagnostics"
---
[
  {
    "type": "SwallowedClause",
    "detector": "Condition_If",
    "description": "When this enchantment enters, create a 1/1 white Human creature token, a 1/1 blue Merfolk creature token, and a 1/1 red Goblin creature toke",
    "line_index": 0
  }
]
