---
source: crates/engine/src/parser/oracle_ir/snapshot_tests.rs
expression: "&ir"
---
{
  "items": [
    {
      "PreLoweredStatic": {
        "mode": "Continuous",
        "affected": {
          "type": "SelfRef"
        },
        "modifications": [
          {
            "type": "SetPower",
            "value": 3
          },
          {
            "type": "SetToughness",
            "value": 3
          },
          {
            "type": "AddKeyword",
            "keyword": "FirstStrike"
          }
        ],
        "condition": {
          "type": "HasCounters",
          "counters": {
            "type": "OfType",
            "data": "level"
          },
          "minimum": 2,
          "maximum": 6
        },
        "affected_zone": null,
        "effect_zone": null,
        "active_zones": [],
        "characteristic_defining": false,
        "description": "LEVEL 2-6 / 3/3 / First strike"
      }
    },
    {
      "PreLoweredStatic": {
        "mode": "Continuous",
        "affected": {
          "type": "SelfRef"
        },
        "modifications": [
          {
            "type": "SetPower",
            "value": 4
          },
          {
            "type": "SetToughness",
            "value": 4
          },
          {
            "type": "AddKeyword",
            "keyword": "DoubleStrike"
          }
        ],
        "condition": {
          "type": "HasCounters",
          "counters": {
            "type": "OfType",
            "data": "level"
          },
          "minimum": 7
        },
        "affected_zone": null,
        "effect_zone": null,
        "active_zones": [],
        "characteristic_defining": false,
        "description": "LEVEL 7+ / 4/4 / Double strike"
      }
    },
    {
      "Keyword": {
        "LevelUp": {
          "type": "Cost",
          "shards": [
            "White"
          ],
          "generic": 0
        }
      }
    }
  ],
  "source_text": "Level up {W} ({W}: Put a level counter on this. Level up only as a sorcery.)\nLEVEL 2-6\n3/3\nFirst strike\nLEVEL 7+\n4/4\nDouble strike",
  "card_name": "Student of Warfare"
}
